
			<li class="post-type">
				<strong>Post type: </strong>
				post
			</li>
		