<div class="tec-events-pro-series">
	<label
		class="tec-events-pro-series__label screen-reader-text"
		for="_tec_relationship_event_to_series"
	>
		Assign event to series	</label>
	<select
		tabindex="-1"
		id="_tec_relationship_event_to_series"
		name="_tec_relationship_event_to_series[]"
		class="tribe-dropdown tec-events-pro-series__dropdown"
		aria-hidden="true"
		data-dropdown-css-width="0"
		style="width: 100%;"
		data-placeholder="Create or Find a Series"
		data-search-placeholder="Create or Find a Series"
					>
		<option
			class="tec-events-pro-series__dropdown-option"
			value="-1"
			 selected='selected'		>
			Create or Find a Series		</option>

					<option
				value="{&quot;id&quot;:SERIES_ID,&quot;title&quot;:&quot;Series 1&quot;,&quot;selected&quot;:false,&quot;edit_link&quot;:null,&quot;ticket_provider&quot;:&quot;TEC\\Tickets\\Commerce\\Module&quot;}"
				data-edit-link=""
				>
				Series 1			</option>
			</select>
	<div  class="tec-events-pro-series__edit-link-container hidden" >
		<a href="#" class="tec-events-pro-series__edit-link" target="_blank" rel="noopener noreferrer">
			Edit series		</a>
	</div>
</div>
