<div class="tribe-settings-form-wrap"><h2 class="tec-tickets__admin-settings-tab-heading">Tickets Emails</h2><p>Customize your customer communications when tickets are purchased, RSVPs are submitted, and for Tickets Commerce order notifications. Learn more about Event Tickets and Tickets Commerce communications in our <a href="https://evnt.is/event-tickets-emails" target="_blank" rel="nofollow">Knowledgebase</a>.</p><div class="tec-tickets__admin-settings-emails-template-list">
			<div  class="tec-tickets__admin-settings-emails-template-list-item tec-tickets__admin-settings-emails-template-list-item--enabled"  >
	<div class="tec-tickets__admin-settings-emails-template-list-item-icon">
	<span  class="dashicons dashicons-yes"  ></span>
</div>
	<div class="tec-tickets__admin-settings-emails-template-list-item-title">
	<a href="http://wordpress.test/wp-admin/admin.php?page=tec-tickets-settings&#038;tab=emails&#038;section=tec_tickets_emails_ticket" class="tec-tickets__admin-settings-emails-template-list-item-title-link">
		Ticket Email	</a>
</div>
	<div class="tec-tickets__admin-settings-emails-template-list-item-recipient">
	To: Attendee(s)</div>
	<div class="tec-tickets__admin-settings-emails-template-list-item-action">
	<a href="http://wordpress.test/wp-admin/admin.php?page=tec-tickets-settings&#038;tab=emails&#038;section=tec_tickets_emails_ticket" class="tec-tickets__admin-settings-emails-template-list-item-action-link dashicons dashicons-edit"></a>
</div>
</div>
			<div  class="tec-tickets__admin-settings-emails-template-list-item tec-tickets__admin-settings-emails-template-list-item--enabled"  >
	<div class="tec-tickets__admin-settings-emails-template-list-item-icon">
	<span  class="dashicons dashicons-yes"  ></span>
</div>
	<div class="tec-tickets__admin-settings-emails-template-list-item-title">
	<a href="http://wordpress.test/wp-admin/admin.php?page=tec-tickets-settings&#038;tab=emails&#038;section=tec_tickets_emails_series-pass" class="tec-tickets__admin-settings-emails-template-list-item-title-link">
		Series Pass Email	</a>
</div>
	<div class="tec-tickets__admin-settings-emails-template-list-item-recipient">
	To: Attendee(s)</div>
	<div class="tec-tickets__admin-settings-emails-template-list-item-action">
	<a href="http://wordpress.test/wp-admin/admin.php?page=tec-tickets-settings&#038;tab=emails&#038;section=tec_tickets_emails_series-pass" class="tec-tickets__admin-settings-emails-template-list-item-action-link dashicons dashicons-edit"></a>
</div>
</div>
			<div  class="tec-tickets__admin-settings-emails-template-list-item tec-tickets__admin-settings-emails-template-list-item--enabled"  >
	<div class="tec-tickets__admin-settings-emails-template-list-item-icon">
	<span  class="dashicons dashicons-yes"  ></span>
</div>
	<div class="tec-tickets__admin-settings-emails-template-list-item-title">
	<a href="http://wordpress.test/wp-admin/admin.php?page=tec-tickets-settings&#038;tab=emails&#038;section=tec_tickets_emails_rsvp" class="tec-tickets__admin-settings-emails-template-list-item-title-link">
		RSVP Email	</a>
</div>
	<div class="tec-tickets__admin-settings-emails-template-list-item-recipient">
	To: Attendee(s)</div>
	<div class="tec-tickets__admin-settings-emails-template-list-item-action">
	<a href="http://wordpress.test/wp-admin/admin.php?page=tec-tickets-settings&#038;tab=emails&#038;section=tec_tickets_emails_rsvp" class="tec-tickets__admin-settings-emails-template-list-item-action-link dashicons dashicons-edit"></a>
</div>
</div>
			<div  class="tec-tickets__admin-settings-emails-template-list-item tec-tickets__admin-settings-emails-template-list-item--enabled"  >
	<div class="tec-tickets__admin-settings-emails-template-list-item-icon">
	<span  class="dashicons dashicons-yes"  ></span>
</div>
	<div class="tec-tickets__admin-settings-emails-template-list-item-title">
	<a href="http://wordpress.test/wp-admin/admin.php?page=tec-tickets-settings&#038;tab=emails&#038;section=tec_tickets_emails_rsvp_not_going" class="tec-tickets__admin-settings-emails-template-list-item-title-link">
		RSVP &quot;Not Going&quot; Email	</a>
</div>
	<div class="tec-tickets__admin-settings-emails-template-list-item-recipient">
	To: Attendee(s)</div>
	<div class="tec-tickets__admin-settings-emails-template-list-item-action">
	<a href="http://wordpress.test/wp-admin/admin.php?page=tec-tickets-settings&#038;tab=emails&#038;section=tec_tickets_emails_rsvp_not_going" class="tec-tickets__admin-settings-emails-template-list-item-action-link dashicons dashicons-edit"></a>
</div>
</div>
			<div  class="tec-tickets__admin-settings-emails-template-list-item tec-tickets__admin-settings-emails-template-list-item--enabled"  >
	<div class="tec-tickets__admin-settings-emails-template-list-item-icon">
	<span  class="dashicons dashicons-yes"  ></span>
</div>
	<div class="tec-tickets__admin-settings-emails-template-list-item-title">
	<a href="http://wordpress.test/wp-admin/admin.php?page=tec-tickets-settings&#038;tab=emails&#038;section=tec_tickets_emails_purchase_receipt" class="tec-tickets__admin-settings-emails-template-list-item-title-link">
		Purchase Receipt	</a>
</div>
	<div class="tec-tickets__admin-settings-emails-template-list-item-recipient">
	To: Purchaser</div>
	<div class="tec-tickets__admin-settings-emails-template-list-item-action">
	<a href="http://wordpress.test/wp-admin/admin.php?page=tec-tickets-settings&#038;tab=emails&#038;section=tec_tickets_emails_purchase_receipt" class="tec-tickets__admin-settings-emails-template-list-item-action-link dashicons dashicons-edit"></a>
</div>
</div>
			<div  class="tec-tickets__admin-settings-emails-template-list-item tec-tickets__admin-settings-emails-template-list-item--enabled"  >
	<div class="tec-tickets__admin-settings-emails-template-list-item-icon">
	<span  class="dashicons dashicons-yes"  ></span>
</div>
	<div class="tec-tickets__admin-settings-emails-template-list-item-title">
	<a href="http://wordpress.test/wp-admin/admin.php?page=tec-tickets-settings&#038;tab=emails&#038;section=tec_tickets_emails_completed_order" class="tec-tickets__admin-settings-emails-template-list-item-title-link">
		Completed Order	</a>
</div>
	<div class="tec-tickets__admin-settings-emails-template-list-item-recipient">
	To: Admin</div>
	<div class="tec-tickets__admin-settings-emails-template-list-item-action">
	<a href="http://wordpress.test/wp-admin/admin.php?page=tec-tickets-settings&#038;tab=emails&#038;section=tec_tickets_emails_completed_order" class="tec-tickets__admin-settings-emails-template-list-item-action-link dashicons dashicons-edit"></a>
</div>
</div>
	</div>
<h3>Sender Information</h3><p>If fields are empty, sender information will be from the site owner set in WordPress general settings.</p><fieldset id="tribe-field-tec-tickets-emails-sender-name" class="tribe-field tribe-field-text tribe-size-medium"><legend class="tribe-field-label" >Sender Name</legend><div class="tribe-field-wrap"><input type="text" name="tec-tickets-emails-sender-name" value="Event Tickets Tests" placeholder="Event Tickets Tests"/></div></fieldset><div class="clear"></div><fieldset id="tribe-field-tec-tickets-emails-sender-email" class="tribe-field tribe-field-text tribe-size-medium"><legend class="tribe-field-label" >Sender Email</legend><div class="tribe-field-wrap"><input type="text" name="tec-tickets-emails-sender-email" value="admin@wordpress.test" placeholder="admin@wordpress.test"/></div></fieldset><div class="clear"></div><h3>Email Styling</h3><p>Add a logo and customize link colors and footer information to personalize your communications.  If you&#039;d like more granular control over email styling, you can override the email templates in your theme.  Learn More</p><fieldset id="tribe-field-tec-tickets-emails-header-image-url" class="tribe-field tribe-field-image tribe-size-medium"  data-select-image-text="Select an image" data-use-image-text="Use this image"><legend class="tribe-field-label" >Header Image</legend><div class="tribe-field-wrap"><input type="hidden" class="tec-admin__settings-image-field-input" name="tec-tickets-emails-header-image-url"/><button type="button" class="button tec-admin__settings-image-field-btn-add">Select Image</button><div class="tec-admin__settings-image-field-image-container hidden"></div><button class="tec-admin__settings-image-field-btn-remove hidden">Remove Image</button></div></fieldset><div class="clear"></div><fieldset id="tribe-field-tec-tickets-emails-header-image-alignment" class="tribe-field tribe-field-dropdown tribe-size-medium"><legend class="tribe-field-label" >Image Alignment</legend><div class="tribe-field-wrap"><select name="tec-tickets-emails-header-image-alignment" id='tec-tickets-emails-header-image-alignment-select' class='tribe-dropdown' data-prevent-clear='true'><option value="left" selected='selected'>Left</option><option value="center">Center</option><option value="right">Right</option></select></div></fieldset><div class="clear"></div><fieldset id="tribe-field-tec-tickets-emails-header-bg-color" class="tribe-field tribe-field-color tribe-size-medium"><legend class="tribe-field-label" >Header/Footer Background</legend><div class="tribe-field-wrap"><input type="text" class="tec-admin__settings-color-field-input" name="tec-tickets-emails-header-bg-color" value="#50B078"/></div></fieldset><div class="clear"></div><fieldset id="tribe-field-tec-tickets-emails-ticket-bg-color" class="tribe-field tribe-field-color tribe-size-medium"><legend class="tribe-field-label" >Ticket Color</legend><div class="tribe-field-wrap"><input type="text" class="tec-admin__settings-color-field-input" name="tec-tickets-emails-ticket-bg-color" value="#2D2E33"/></div></fieldset><div class="clear"></div><fieldset id="tribe-field-tec-tickets-emails-footer-content" class="tribe-field tribe-field-wysiwyg tribe-size-medium"><legend class="tribe-field-label" >Footer Content</legend><div class="tribe-field-wrap"><div id="wp-tec-tickets-emails-footer-content-wrap" class="wp-core-ui wp-editor-wrap html-active"><link rel='stylesheet' id='dashicons-css' href='http://wordpress.test/wp-includes/css/dashicons.min.css?ver=6.4.1' media='all' />
<link rel='stylesheet' id='editor-buttons-css' href='http://wordpress.test/wp-includes/css/editor.min.css?ver=6.4.1' media='all' />
<div id="wp-tec-tickets-emails-footer-content-editor-container" class="wp-editor-container"><textarea class="wp-editor-area" style="height: 200px" cols="40" name="tec-tickets-emails-footer-content" id="tec-tickets-emails-footer-content"></textarea></div>
</div>

<label class="screen-reader-text">Add custom links and instructions to the bottom of your emails.</label><p class="tooltip description">Add custom links and instructions to the bottom of your emails.</p></div></fieldset><div class="clear"></div>