<style type="text/css">
	body {
		color: #3C434A;
		margin: 0;
		padding: 0;
		text-align: left;
	}

	body, table, td, div, h1, p { font-family: Helvetica, Arial, sans-serif; }
	table { width: 100% }
	table, td { border: 0; border-spacing: 0; }

	.tec-tickets__email-body a,
	.tec-tickets__email-body a:focus,
	.tec-tickets__email-body a:visited {
		color: #141827 !important;
		text-decoration: underline;
	}

	h3.tec-tickets__email-table-content-post-title a {
		text-decoration: none;
	}

	td.tec-tickets__email-table-content-post-title-container {
		padding: 0;
	}

	div.tec-tickets__email-body {
		background: #f0eeeb;
		border: 0;
		border-collapse: collapse;
		border-spacing: 0;
		color: #3C434A;
		padding-bottom: 30px;
		padding-top: 30px;
		width: 100%;
	}

	div.tec-tickets__email-preview-link {
		font-size: 11px;
		padding: 15px;
		margin: 0 auto;
		max-width: 600px;
		text-align: center;
	}

	table.tec-tickets__email-table-main {
		background: #ffffff;
		border: 0;
		border-collapse: collapse;
		border-spacing: 0;
		margin:0 auto;
		max-width: 600px;
		text-align: left;
		width: 100%;
	}

	td.tec-tickets__email-table-main-header {
		background: #ffffff;
		padding: 5px 5px 0px 5px;
		text-align: center;
	}

	table.tec-tickets__email-table-content {
		border: 0;
		border-spacing: 0;
		padding: 15px 30px;
		width: 100%;
	}

	.tec-tickets__email-table-content table {
		font-size: 14px;
	}

	h1.tec-tickets__email-table-content-title {
		color: #141827;
		font-size: 28px;
		font-weight: 700;
		letter-spacing: 0px;
		line-height: 1.25;
		margin: 0;
		padding: 24px 0 !important;
		text-align: left;
	}

	h3.tec-tickets__email-table-content-post-title {
		color: #141827;
		font-size: 18px;
		font-style: normal;
		font-weight: 700;
		margin: 0;
		padding: 20px 0 !important;
	}

	.tec-tickets__email-table-content-tickets-total {
		background-color: #ffffff;
		color: #000000;
		font-weight: 700;
		padding:10px;
		text-align: center;
	}

	.tec-tickets__email-table-content-tickets tbody > tr:last-child > td {
		border-bottom: 0;
	}

	td.tec-tickets__email-table-content-ticket {
		background:#007363;
		border-bottom: 1px solid rgba(0,0,0,.08);
		padding: 20px 25px;
	}

	h2.tec-tickets__email-table-content-ticket-holder-name {
		background:transparent;
		color: #ffffff;
		font-size: 21px;
		font-weight: 700;
		line-height: 24px;
		margin: 0;
		padding: 0;
	}

	div.tec-tickets__email-table-content-ticket-type-name {
		color: #ffffff;
		font-size: 16px;
		margin-top: 8px;
		padding: 0;
	}

	div.tec-tickets__email-table-content-ticket-security {
		color: #ffffff;
		display: block;
		font-size: 14px;
		font-weight: 400;
		margin: 0 !important;
		opacity: .7;
		padding: 15px 0 0 0 !important;
	}

	div.tec-tickets__email-table-content-ticket-number-from-total {
		color: #ffffff;
		font-size: 14px;
		font-weight: 700;
		display: block;
		margin: 0 !important;
		padding: 15px 0 0 0 !important;
	}

	td.tec-tickets__email-table-main-footer {
		background-color: #ffffff;
		border-top: 1px solid #efefef;
		padding: 0px 20px 10px 20px;
	}

	table.tec-tickets__email-table-main-footer-table {
		border: 0;
		border-collapse: collapse;
		border-spacing: 0;
		font-size: 12px;
		width:100%;
	}

	td.tec-tickets__email-table-main-footer-content-container {
		color: #000000;
		padding: 20px 0;
	}

	td.tec-tickets__email-table-main-footer-credit-container {
		color: #000000;
		padding: 10px 0px 0px 0px;
		text-align: right;
	}

	a.tec-tickets__email-table-main-footer-credit-link {
		color: #000000 !important;
		text-decoration: underline;
	}

	td.tec-tickets__email-table-content-order-attendees-table-container {
		padding-bottom: 50px;
	}

	table.tec-tickets__email-table-content-order-attendees-table {
		border-collapse: collapse;
		margin-top: 10px;
	}

	tr.tec-tickets__email-table-content-order-attendees-table-header-row {
		border: 1px solid #d5d5d5;
		color: #727272;
		font-size: 12px;
		font-weight: 400;
		line-height: 24px;
	}

	td.tec-tickets__email-table-content-order-attendees-table-header-cell {
		padding:0 6px;
	}

	tr.tec-tickets__email-table-content-order-attendee-info-row {
		border: 1px solid #d5d5d5;
		font-size: 12px;
		font-weight: 400;
		line-height: 24px;
	}

	td.tec-tickets__email-table-content-order-attendee-info {
		line-height: 18px;
		padding: 0 6px;
		vertical-align: top;
	}

	.tec-tickets__email-table-content-align-left {
		text-align: left;
	}

	.tec-tickets__email-table-content-align-center {
		text-align: center;
	}

	.tec-tickets__email-table-content-align-right {
		text-align: right;
	}

	.tec-tickets__email-table-content-order-error-top-text {
		font-size: 14px;
		font-weight: 400;
		padding-top: 10px;
	}

	td.tec-tickets__email-table-content-order-error-bottom-text {
		color: #da394d;
		font-size: 14px;
		font-weight: 700;
		padding: 24px 0 40px;
	}

	td.tec-tickets__email-table-content-order-post-title {
		font-size: 16px;
		font-weight: 700;
		padding-top:43px;
	}

	td.tec-tickets__email-table-content-order-total-container {
		padding-top: 20px;
		text-align: right;
	}

	.tec-tickets__email-table-content-order-total-table {
		display: inline-block;
		width: auto;
	}

	td.tec-tickets__email-table-content-order-total-left-cell {
		font-size: 14px;
		font-weight: 400;
		line-height: 24px;
		padding-right: 10px;
	}

	.tec-tickets__email-table-content-order-total-right-cell {
		font-size: 16px;
		font-weight: 700;
		line-height: 24px;
	}

	td.tec-tickets__email-table-content-order-payment-info-container {
		font-size: 14px;
		font-weight: 400;
		padding: 20px 0 50px;
		text-align: right;
	}

	.tec-tickets__email-table-content-order-purchaser-details-top {
		font-size: 16px;
		font-weight: 700;
		line-height: 23px;
	}

	.tec-tickets__email-table-content-order-purchaser-details-bottom {
		font-size: 14px;
		font-weight: 400;
		line-height: 23px;
	}

	tr.tec-tickets__email-table-content-order-ticket-totals-header-row {
		border: 1px solid #d5d5d5;
		color: #727272;
		font-size: 12px;
		font-weight: 400;
		line-height: 24px;
	}

	tr.tec-tickets__email-table-content-order-ticket-totals-ticket-row {
		border: 1px solid #d5d5d5;
		font-size: 14px;
		font-weight: 400;
		line-height: 24px;
	}

	th.tec-tickets__email-table-content-order-ticket-totals-cell,
	td.tec-tickets__email-table-content-order-ticket-totals-cell {
		padding: 0 6px;
	}

	td.tec-tickets__email-table-content-greeting-container {
		line-height: 21px;
		padding-bottom: 40px;
	}

	td.tec-tickets__email-table-content-additional-content-container {
		padding-bottom: 40px;
	}

	td.tec-tickets__email-table-content-additional-content-container p {
		color: #141827 !important;
		font-size: 16px !important;
		line-height: 1.5;
	}

	td.tec-tickets__email-table-content-not-going-confirmation-container {
		padding-bottom: 30px;
	}

	td.tec-tickets__email-table-content-ticket-holder-name-container {
		vertical-align: top;
		width: 100%;
	}

	td.tec-tickets__email-table-content-ticket-security-code-container {
		vertical-align: bottom;
	}

	.tec-tickets__email-table-content-ticket-security-code {
		color: #ffffffAA;
	}

	table.tec-tickets__email-table-content-ticket-table {
		width: 100%;
	}

	td.tec-tickets__email-table-content-post-description-container {
		color: #141827 !important;
		font-size: 16px !important;
		line-height: 1.5;
		padding-top: 30px;
	}

	.tec-tickets__email-table-content__section-header {
		color: #141827;
		font-size: 18px;
		font-style: normal;
		font-weight: 700;
		margin: 0;
		padding: 20px 0 10px 0 !important;
	}

	@media screen and ( max-width: 500px ) {
		h1.tec-tickets__email-table-content-title {
			font-size: 21px;
			line-height: 28px;
		}

		table.tec-tickets__email-table-content {
			padding: 15px 25px;
		}

		td.tec-tickets__email-table-content-ticket-holder-name-container {
			display: block;
			padding-bottom: 30px;
			text-align: left;
			width: 100%;
		}

		td.tec-tickets__email-table-content-ticket-security-code-container {
			display: block;
			text-align: center;
		}

		.tec-tickets__email-table-content-ticket-security-code {
			padding: 15px 0 30px 0 !important;
		}
	}
</style>

<style type="text/css">
	td.tec-tickets__email-table-content-upcoming-events-list__title-container {
		padding-top: 30px;
	}

	tr.tec-tickets__email-table-content-upcoming-events-list__cards-container {
		display: block;
		border: 1px solid #D5D5D5;
		padding: 27px;
	}

	.tec-tickets__email-table-content-upcoming-event-card {
		display: block;
		width: 100%;
	}

	.tec-tickets__email-table-content-upcoming-event-card:not(:last-of-type) {
		margin-bottom: 18px;
	}

	td.tec-tickets__email-table-content-upcoming-event-card__month {
		font-size: 11px;
		color: #727272;
		text-align: center;
	}

	td.tec-tickets__email-table-content-upcoming-event-card__time {
		font-size: 12px;
		color: #141827;
		padding: 0 0 0 14px;
	}

	td.tec-tickets__email-table-content-upcoming-event-card__day {
		font-size: 24px;
		color: #141827;
		font-weight: bold;
		text-align: center;
	}

	td.tec-tickets__email-table-content-upcoming-event-card__title {
		font-size: 18px;
		color: #141827;
		font-weight: bold;
		padding: 0 0 0 14px;
	}

	.tec-tickets__email-table-content-upcoming-event-card__link {
		display: block;
		padding: 18px 0 0 0 !important;
	}

	.tec-tickets__email-table-content-upcoming-event-card__link a {
		color: #141827;
		text-decoration: underline !important;
	}
</style><div class="tec-tickets__email-body">

		
		<table role="presentation" class="tec-tickets__email-table-main">

			<tr>
	<td
		class="tec-tickets__email-table-main-header"
		align="center"
	>
		<img
	style="max-height:100px;max-width:100%;margin:0px;display:inline-block"
	src="http://wordpress.test/wp-content/plugins/event-tickets/src/resources/images/series-pass-example-header-image.png"
/>
	</td>
</tr>

			<tr>
				<td>
					<table role="presentation" class="tec-tickets__email-table-content">
<tr>
	<td>
		<h1 class="tec-tickets__email-table-content-title">
			Hey John Doe, here is your ticket to {series_name}		</h1>
	</td>
</tr>

<tr>
	<td class="tec-tickets__email-table-content__series-date">
		September 22 - November 25	</td>
</tr>
<tr>
	<td class="tec-tickets__email-table-content-post-title-container">
		<h3 class="tec-tickets__email-table-content-post-title">
			<a href="http://wordpress.test/?tribe_event_series=preview-series-1000" target="_blank" rel="noopener noreferrer">
				Sidewalk Fall Film Festival			</a>
		</h3>
	</td>
</tr>

<tr>
	<td style="padding:0" class="tec-tickets__email-table-content-event-image-container">
		<img
			class="tec-tickets__email-table-content-event-image"
			style="display:block"
			src="http://wordpress.test/wp-content/plugins/event-tickets/src/resources/images/series-pass-example-series-thumbnail.png"
							alt="Jaws film poster"
										title="Jaws"
					/>
	</td>
</tr>
<tr>
	<td style="padding:0;">
		<table class="tec-tickets__email-table-content-tickets" role="presentation">
								<tr>
				<td class="tec-tickets__email-table-content-ticket">
					<table class="tec-tickets__email-table-content-ticket-table">
						<tr>
							<td class="tec-tickets__email-table-content-ticket-holder-name-container">
	<h2 class="tec-tickets__email-table-content-ticket-holder-name">
		John Doe	</h2>
								<div class="tec-tickets__email-table-content-ticket-type-name">
		General Admission	</div>
</td>
						</tr>
						<tr>
							<td class="tec-tickets__email-table-content-ticket-security-code-container">
	<div class="tec-tickets__email-table-content-ticket-security-code">
		abcdefg12345	</div>
</td>
						</tr>
					</table>
									</td>
			</tr>
				</table>
	</td>
</tr>
<tr>
	<td class="tec-tickets__email-table-content-upcoming-events-list__title-container">
		<header
			class="tec-tickets__email-table-content__section-header tec-tickets__email-table-content__section-header--upcoming-events-list">
			Upcoming Events in this Series		</header>
	</td>
</tr>

<tr class="tec-tickets__email-table-content-upcoming-events-list__cards-container">
	<td>
					<table class="tec-tickets__email-table-content-upcoming-event-card">
				<tr class="tec-tickets__email-table-content-upcoming-event-card__line-1">
					<td class="tec-tickets__email-table-content-upcoming-event-card__month">
						OCT					</td>
					<td class="tec-tickets__email-table-content-upcoming-event-card__time">
						7:00 pm						-
						9:00 pm					</td>
				</tr>
				<tr class="tec-tickets__email-table-content-upcoming-event-card__line-2">
					<td class="tec-tickets__email-table-content-upcoming-event-card__day">
						20					</td>
					<td class="tec-tickets__email-table-content-upcoming-event-card__title">
						Jaws					</td>
				</tr>
			</table>
					<table class="tec-tickets__email-table-content-upcoming-event-card">
				<tr class="tec-tickets__email-table-content-upcoming-event-card__line-1">
					<td class="tec-tickets__email-table-content-upcoming-event-card__month">
						OCT					</td>
					<td class="tec-tickets__email-table-content-upcoming-event-card__time">
						7:00 pm						-
						9:00 pm					</td>
				</tr>
				<tr class="tec-tickets__email-table-content-upcoming-event-card__line-2">
					<td class="tec-tickets__email-table-content-upcoming-event-card__day">
						22					</td>
					<td class="tec-tickets__email-table-content-upcoming-event-card__title">
						Rashomon					</td>
				</tr>
			</table>
					<table class="tec-tickets__email-table-content-upcoming-event-card">
				<tr class="tec-tickets__email-table-content-upcoming-event-card__line-1">
					<td class="tec-tickets__email-table-content-upcoming-event-card__month">
						OCT					</td>
					<td class="tec-tickets__email-table-content-upcoming-event-card__time">
						2:00 pm						-
						4:00 pm					</td>
				</tr>
				<tr class="tec-tickets__email-table-content-upcoming-event-card__line-2">
					<td class="tec-tickets__email-table-content-upcoming-event-card__day">
						28					</td>
					<td class="tec-tickets__email-table-content-upcoming-event-card__title">
						Rear Window					</td>
				</tr>
			</table>
					<table class="tec-tickets__email-table-content-upcoming-event-card">
				<tr class="tec-tickets__email-table-content-upcoming-event-card__line-1">
					<td class="tec-tickets__email-table-content-upcoming-event-card__month">
						OCT					</td>
					<td class="tec-tickets__email-table-content-upcoming-event-card__time">
						7:00 pm						-
						9:00 pm					</td>
				</tr>
				<tr class="tec-tickets__email-table-content-upcoming-event-card__line-2">
					<td class="tec-tickets__email-table-content-upcoming-event-card__day">
						30					</td>
					<td class="tec-tickets__email-table-content-upcoming-event-card__title">
						Indiana Jones and the Last Crusade					</td>
				</tr>
			</table>
					<table class="tec-tickets__email-table-content-upcoming-event-card">
				<tr class="tec-tickets__email-table-content-upcoming-event-card__line-1">
					<td class="tec-tickets__email-table-content-upcoming-event-card__month">
						NOV					</td>
					<td class="tec-tickets__email-table-content-upcoming-event-card__time">
						7:00 pm						-
						9:00 pm					</td>
				</tr>
				<tr class="tec-tickets__email-table-content-upcoming-event-card__line-2">
					<td class="tec-tickets__email-table-content-upcoming-event-card__day">
						02					</td>
					<td class="tec-tickets__email-table-content-upcoming-event-card__title">
						Mulholland Drive					</td>
				</tr>
			</table>
		
					<div class="tec-tickets__email-table-content-upcoming-event-card__link">
				<a href="http://wordpress.test/?tribe_event_series=preview-series-1000" target="_blank" rel="noopener noreferrer">
					View all 6 Events in this series				</a>
			</div>
			</td>
</tr>

<tr>
	<td class="tec-tickets__email-table-content-post-description-container">
				<p>Let the SideWalk Fall Film Festival be your ticket to the best films of past seasons.</p>
	</td>
</tr>
<tr>
	<td class="tec-tickets__email-table-content-additional-content-container">
					<header class="tec-tickets__email-table-content__section-header tec-tickets__email-table-content__section-header--additional-content">
				Additional Information			</header>
				Terms and conditions apply.	</td>
</tr>
					</table>
				</td>
			</tr>
			<tr>
	<td class="tec-tickets__email-table-main-footer">
		<table role="presentation" class="tec-tickets__email-table-main-footer-table">
						<tr>
	<td class="tec-tickets__email-table-main-footer-credit-container" align="right">
		<a href="http://wordpress.test" class="tec-tickets__email-table-main-footer-credit-link">Event Tickets Tests</a> tickets are powered by <a href="https://evnt.is/et-in-app-email-credit" class="tec-tickets__email-table-main-footer-credit-link">Event Tickets</a>	</td>
</tr>
		</table>
	</td>
</tr>
		</table>
</div>
<div  class="tribe-tickets-loader__dots tribe-common-c-loader tribe-common-a11y-hidden tribe-common-c-loader__dot tribe-common-c-loader__dot--third" >
	<svg  class="tribe-common-c-svgicon tribe-common-c-svgicon--dot tribe-common-c-loader__dot tribe-common-c-loader__dot--first"  viewBox="0 0 15 15" xmlns="http://www.w3.org/2000/svg"><circle cx="7.5" cy="7.5" r="7.5"/></svg>
	<svg  class="tribe-common-c-svgicon tribe-common-c-svgicon--dot tribe-common-c-loader__dot tribe-common-c-loader__dot--second"  viewBox="0 0 15 15" xmlns="http://www.w3.org/2000/svg"><circle cx="7.5" cy="7.5" r="7.5"/></svg>
	<svg  class="tribe-common-c-svgicon tribe-common-c-svgicon--dot tribe-common-c-loader__dot tribe-common-c-loader__dot--third"  viewBox="0 0 15 15" xmlns="http://www.w3.org/2000/svg"><circle cx="7.5" cy="7.5" r="7.5"/></svg>
</div>
