<a href="?post_type=post&tribe-has-tickets=1&post_status=any&paged=1" >Ticketed</a> (0)
<a href="?post_type=post&tribe-has-tickets=0&post_status=any&paged=1" >Unticketed</a> (3)