{
    "end_date_help_text_series_pass": "If you do not set an end sale date, passes will be available until the last event in the Series."
}