<div class="tribe-tickets__commerce-checkout-paypal-advanced-payments-form-field-wrapper">
	<label for="tec-tc-card-holder-name"  class="tribe-common-b3 tribe-tickets__commerce-checkout-paypal-advanced-payments-form-field-label" >
		Name on Card	</label>
	<input
		type="text"
		id="tec-tc-card-holder-name"
		name="card-holder-name"
		autocomplete="off"
		 class="card_field tribe-tickets__commerce-checkout-paypal-advanced-payments-form-field tribe-tickets__commerce-checkout-paypal-advanced-payments-form-field--card-name" 		placeholder="Name on Card"
		required
	/>
</div>
