<div class="tribe-tickets__commerce-checkout-paypal-advanced-payments-form-field-wrapper">
	<label for="tec-tc-cvv"  class="tribe-common-b3 tribe-tickets__commerce-checkout-paypal-advanced-payments-form-field-label" >
		CVV	</label>
	<div
		id="tec-tc-cvv"
		 class="card_field tribe-tickets__commerce-checkout-paypal-advanced-payments-form-field tribe-tickets__commerce-checkout-paypal-advanced-payments-form-field--cvv" 	></div>
</div>
