// Jest Snapshot v1, https://goo.gl/fbAQLP

exports[`Tickets reducer allClientIds should register ticket block 1`] = `
Array [
  "tribe",
]
`;

exports[`Tickets reducer allClientIds should remove ticket block 1`] = `
Array [
  "two",
]
`;

exports[`Tickets reducer allClientIds should remove ticket blocks 1`] = `Array []`;

exports[`Tickets reducer allClientIds should set the default state 1`] = `Array []`;

exports[`Tickets reducer byClientId should register ticket block 1`] = `
Object {
  "tribe": Object {
    "available": 0,
    "currencyPosition": "prefix",
    "currencySymbol": undefined,
    "details": Object {
      "capacity": "",
      "capacityType": "unlimited",
      "description": "",
      "endDate": "2019-01-10",
      "endDateInput": "January 10, 2019",
      "endDateMoment": "2019-01-10T19:30:00.000Z",
      "endTime": "19:30:00",
      "endTimeInput": "7:30 pm",
      "iac": "none",
      "price": "",
      "sku": "",
      "startDate": "2018-01-10",
      "startDateInput": "January 10, 2018",
      "startDateMoment": "2018-01-10T17:30:00.000Z",
      "startTime": "17:30:00",
      "startTimeInput": "5:30 pm",
      "title": "",
    },
    "hasAttendeeInfoFields": false,
    "hasBeenCreated": false,
    "hasChanges": false,
    "hasDurationError": false,
    "isLoading": false,
    "isModalOpen": false,
    "isSelected": false,
    "provider": "",
    "sold": 0,
    "tempDetails": Object {
      "capacity": "",
      "capacityType": "unlimited",
      "description": "",
      "endDate": "2019-01-10",
      "endDateInput": "January 10, 2019",
      "endDateMoment": "2019-01-10T19:30:00.000Z",
      "endTime": "19:30:00",
      "endTimeInput": "7:30 pm",
      "iac": "none",
      "price": "",
      "sku": "",
      "startDate": "2018-01-10",
      "startDateInput": "January 10, 2018",
      "startDateMoment": "2018-01-10T17:30:00.000Z",
      "startTime": "17:30:00",
      "startTimeInput": "5:30 pm",
      "title": "",
    },
    "ticketId": 0,
  },
}
`;

exports[`Tickets reducer byClientId should remove ticket block 1`] = `
Object {
  "two": Object {},
}
`;

exports[`Tickets reducer byClientId should remove ticket blocks 1`] = `Object {}`;

exports[`Tickets reducer tickets should set the default state 1`] = `
Object {
  "allClientIds": Array [],
  "byClientId": Object {},
}
`;
