<div class="tribe-common-b1 tribe-tickets__commerce-checkout-cart-empty-description">
	Please <a href="http://test.tri.be/events/" class="tribe-common-anchor-alt tribe-tickets__commerce-checkout-cart-empty-description-link">browse events</a> and add tickets to check out.</div>

