{"success":true,"data":{"name":"Bobby Bob","email":"test@test.com"}}