// Jest Snapshot v1, https://goo.gl/fbAQLP

exports[`Ticket block declaration register the ticket block 1`] = `
Object {
  "attributes": Object {
    "header": Object {
      "meta": "_tribe_ticket_header",
      "source": "meta",
      "type": "string",
    },
    "provider": Object {
      "meta": "_tribe_default_ticket_provider",
      "source": "meta",
      "type": "string",
    },
    "sharedCapacity": Object {
      "meta": "_tribe_ticket_capacity",
      "source": "meta",
      "type": "string",
    },
    "tickets": Object {
      "meta": "_tribe_tickets_list",
      "source": "meta",
      "type": "array",
    },
  },
  "category": "tribe-tickets",
  "description": "Sell tickets and register attendees.",
  "edit": [Function],
  "icon": <<svg>icon mock</svg> />,
  "id": "tickets",
  "keywords": Array [
    "event",
    "events-gutenberg",
    "tribe",
  ],
  "save": [Function],
  "supports": Object {
    "customClassName": false,
    "html": false,
    "multiple": false,
  },
  "title": "Tickets",
}
`;
