// Jest Snapshot v1, https://goo.gl/fbAQLP

exports[`<Bar /> render percentage with children 1`] = `
<span
  className="tribe-editor__quantity-bar__bar"
  style={
    Object {
      "width": "45.00%",
    }
  }
>
  test
</span>
`;

exports[`<Bar /> render percentage with custom class name 1`] = `
<span
  className="tribe-editor__quantity-bar__bar jest-test"
  style={
    Object {
      "width": "45.00%",
    }
  }
/>
`;
