data:image/png;base64,iVBORw0KGgoAAAANSUhEUgAAAGMAAABjAQMAAAC19SzWAAAABlBMVEX///8AAABVwtN+AAAACXBIWXMAAA7EAAAOxAGVKw4bAAAA6UlEQVQ4jdXSsa2EMAwGYKMUdGEBJNZI55W4BXywQFiJjjUsZQFelyKKn7k7iYoz7aXKV0T67fwAv3I6kSm4HaVa8uDmddiDXixhii1AkHhD85rqXfF4R+AmZDqTXUrniyHFc9pLHU/bIZ5ru1SX9UV5ZDdZaoQfm0h+Z/km3x6pO3HVEkD/zKXJDKYwVXSzsLfUSBlRs/dkycPwl/tmHaolne+5ASGMljxqrXS+Twe/6LWMQpBMHX+rI4ZClrQvy6q14tEUpmVzizDd0Ly5Hd7/YChCTy17U5pFgMKZ7EqvXrNulyz9xvkH13hRQkgqQXIAAAAASUVORK5CYII=