<div class="tribe-settings-form-wrap tec-settings-form__header-block tec-settings-form__header-block--horizontal"><div class="tec-tickets__admin-settings-toggle-large-wrapper">
							<label class="tec-tickets__admin-settings-toggle-large">
								<input type="checkbox" name="tickets_commerce_enabled" checked='checked' id="tickets-commerce-enable-input" class="tec-tickets__admin-settings-toggle-large-checkbox tribe-dependency tribe-dependency-verified">
									<span class="tec-tickets__admin-settings-toggle-large-switch"></span>
									<span class="tec-tickets__admin-settings-toggle-large-label">Enable Tickets Commerce</span>
							</label>
						</div><div class="tec-tickets__admin-settings-tickets-commerce-description">Tickets Commerce provides a simple and flexible ecommerce checkout for purchasing tickets. Just choose your payment gateway and configure checkout options and you&#039;re all set.  If you need more advanced features like custom attendee information, QR code check in, and stock sharing between tickets, take a look at <a href="https://evnt.is/19zl" target="_blank" rel="noopener noreferrer">Event Tickets Plus</a> for these features and more.</div><div class="tec-tickets__admin-settings-featured">
	<div class="tec-tickets__admin-settings-featured-title">
	Payment Gateways</div>
	<div class="tec-tickets__admin-settings-featured-description">
	Set up a payment gateway to get started with Tickets Commerce. Enable multiple gateways for providing users additional options for users when purchasing tickets.</div>
	<div class="tec-tickets__admin-settings-featured-content">
	<div class="tec-tickets__admin-settings-tickets-commerce-gateways">
	<div class="tec-tickets__admin-settings-tickets-commerce-gateways-item">
	<div class="tec-tickets__admin-settings-tickets-commerce-gateways-item-brand">
	<div class="tec-tickets__admin-settings-tickets-commerce-gateways-item-brand-logo">
		<img class="tec-tickets__admin-settings-tickets-commerce-gateways-item-brand-logo-image" src="http://wordpress.test/wp-content/plugins/event-tickets/src/resources/images/admin/stripe-logo.png" alt="Stripe" />
	</div>
	<div class="tec-tickets__admin-settings-tickets-commerce-gateways-item-brand-subtitle">
		Enable credit card payments, Afterpay, AliPay, Giropay, Klarna and more.	</div>
</div>
	<div class="tec-tickets__admin-settings-tickets-commerce-gateways-item-status">
	</div>
	<div class="tec-tickets__admin-settings-tickets-commerce-gateways-item-button">
	<a class="tec-tickets__admin-settings-tickets-commerce-gateways-item-button-link" href="http://wordpress.test/wp-admin/admin.php?page=tec-tickets-settings&#038;tab=payments">
		Connect to Stripe	</a>
</div>
</div>
<div class="tec-tickets__admin-settings-tickets-commerce-gateways-item">
	<div class="tec-tickets__admin-settings-tickets-commerce-gateways-item-brand">
	<div class="tec-tickets__admin-settings-tickets-commerce-gateways-item-brand-logo">
		<img class="tec-tickets__admin-settings-tickets-commerce-gateways-item-brand-logo-image" src="http://wordpress.test/wp-content/plugins/event-tickets/src/resources/images/admin/paypal_logo.png" alt="PayPal" />
	</div>
	<div class="tec-tickets__admin-settings-tickets-commerce-gateways-item-brand-subtitle">
		Enable payments through PayPal, Venmo, and credit card.	</div>
</div>
	<div class="tec-tickets__admin-settings-tickets-commerce-gateways-item-status">
	</div>
	<div class="tec-tickets__admin-settings-tickets-commerce-gateways-item-button">
	<a class="tec-tickets__admin-settings-tickets-commerce-gateways-item-button-link" href="http://wordpress.test/wp-admin/admin.php?page=tec-tickets-settings&#038;tab=payments">
		Connect to PayPal	</a>
</div>
</div>
</div>
</div>
	
<div class="tec-tickets__admin-settings-featured-links">
	<div class="tec-tickets__admin-settings-featured-link">
	<svg class="tribe-common-c-svgicon tribe-common-c-svgicon--lightbulb" fill="none" height="22" viewBox="0 0 16 22" width="16" xmlns="http://www.w3.org/2000/svg">
	<path stroke="currentColor" stroke-linecap="round" d="M7.782 1C3.806 1 1 4.114 1 8.219c0 4.104 4.092 4.675 4.092 7.364v4.546c0 .536.435.97.97.97h4.288a.97.97 0 0 0 .97-.97v-4.546c0-3.397 3.68-2.835 3.68-7.364C15 3.689 11.757 1 7.782 1ZM5.463 16.834h5.511M5.463 19.166h5.511" />
	<path fill="currentColor" d="M7.758 9.074 6 9.019 9.987 5 8.242 8.592 10 8.647 6.259 13l1.499-3.926Z" />
</svg>
	<a href="https://evnt.is/1axt" target="_blank" rel="noopener noreferrer" class="tec-tickets__admin-settings-featured-link-url">Learn more about configuring payment options with Tickets Commerce</a>
</div>
</div>
</div>
<h3>General</h3><fieldset id="tribe-field-tickets-commerce-sandbox" class="tribe-field tribe-field-toggle tribe-size-medium tribe-dependent" data-depends="#tickets_commerce_enabled-input" data-condition-is-checked=""><legend class="tribe-field-label">Enable Test Mode</legend><div class="tribe-field-wrap"><input type="checkbox" class="tec-admin__settings-toggle-field-input" name="tickets-commerce-sandbox" value="1" /><span class="tec-admin__settings-toggle-field-span"></span><label class="screen-reader-text">Enables Test mode for testing payments. Any payments made will be done on &quot;sandbox&quot; accounts.</label><p class="tooltip description">Enables Test mode for testing payments. Any payments made will be done on &quot;sandbox&quot; accounts.</p></div></fieldset><fieldset id="tribe-field-tickets-commerce-stock-handling" class="tribe-field tribe-field-radio tribe-size-medium tribe-dependent" data-depends="#tickets_commerce_enabled-input" data-condition-is-checked=""><legend class="tribe-field-label">Stock Handling</legend><div class="tribe-field-wrap"><p class="tooltip description">When a customer purchases a ticket, the payment gateway might flag the order as Pending. The order will be Complete once payment is confirmed by the payment gateway.</p><label title="Decrease available ticket stock and send the ticket to the customer as soon as a Pending order is created."><input type="radio" id="tribe-field-tickets-commerce-stock-handling-pending" name="tickets-commerce-stock-handling" value="pending" checked='checked' />Decrease available ticket stock and send the ticket to the customer as soon as a <strong>Pending</strong> order is created.</label><label title="Only decrease available ticket stock and send the ticket to the customer if an order is confirmed as Completed by the payment gateway."><input type="radio" id="tribe-field-tickets-commerce-stock-handling-completed" name="tickets-commerce-stock-handling" value="completed" />Only decrease available ticket stock and send the ticket to the customer if an order is confirmed as <strong>Completed</strong> by the payment gateway.</label></div></fieldset><h3>Currency</h3><fieldset id="tribe-field-tickets-commerce-currency-code" class="tribe-field tribe-field-dropdown tribe-size-medium tribe-dependent" data-depends="#tickets_commerce_enabled-input" data-condition-is-checked=""><legend class="tribe-field-label">Currency Code</legend><div class="tribe-field-wrap"><select name="tickets-commerce-currency-code" id='tickets-commerce-currency-code-select' class='tribe-dropdown' data-prevent-clear='true'><option value="AED">United Arab Emirates dirham (AED)</option><option value="AFN">Afghan afghani (AFN)</option><option value="ALL">Albanian lek (ALL)</option><option value="AMD">Armenian dram (AMD)</option><option value="ANG">Netherlands Antillean guilder (ANG)</option><option value="AOA">Angolan kwanza (AOA)</option><option value="ARS">Argentine peso (ARS)</option><option value="AUD">Australian Dollar (AUD)</option><option value="AWG">Aruban florin (AWG)</option><option value="AZN">Azerbaijani manat (AZN)</option><option value="BAM">Bosnia and Herzegovina convertible mark (BAM)</option><option value="BBD">Barbadian dollar (BBD)</option><option value="BDT">Bangladeshi taka (BDT)</option><option value="BGN">Bulgarian lev (BGN)</option><option value="BIF">Burundian franc (BIF)</option><option value="BMD">Bermudian dollar (BMD)</option><option value="BND">Brunei dollar (BND)</option><option value="BOB">Bolivian boliviano (BOB)</option><option value="BRL">Brazilian Real  (BRL)</option><option value="BSD">Bahamian dollar (BSD)</option><option value="BWP">Botswana pula (BWP)</option><option value="BYN">Belarusian ruble (BYN)</option><option value="BZD">Belize dollar (BZD)</option><option value="CAD">Canadian Dollar (CAD)</option><option value="CDF">Congolese franc (CDF)</option><option value="CHF">Swiss Franc (CHF)</option><option value="CLP">Chilean peso (CLP)</option><option value="CNY">Chinese yuan (CNY)</option><option value="COP">Colombian peso (COP)</option><option value="CRC">Costa Rican col√≥n (CRC)</option><option value="CVE">Cape Verdean escudo (CVE)</option><option value="CZK">Czech Koruna (CZK)</option><option value="DJF">Djiboutian franc (DJF)</option><option value="DKK">Danish Krone (DKK)</option><option value="DOP">Dominican peso (DOP)</option><option value="DZD">Algerian dinar (DZD)</option><option value="EGP">Egyptian pound (EGP)</option><option value="ETB">Ethiopian birr (ETB)</option><option value="EUR">Euro (EUR)</option><option value="FJD">Fijian dollar (FJD)</option><option value="GBP">Pound Sterling (GBP)</option><option value="GEL">Georgian lari (GEL)</option><option value="GIP">Gibraltar pound (GIP)</option><option value="GMD">Gambian dalasi (GMD)</option><option value="GNF">Guinean franc (GNF)</option><option value="GTQ">Guatemalan quetzal (GTQ)</option><option value="GYD">Guyanese dollar (GYD)</option><option value="HKD">Hong Kong Dollar (HKD)</option><option value="HNL">Honduran lempira (HNL)</option><option value="HTG">Haitian gourde (HTG)</option><option value="HUF">Hungarian Forint (HUF)</option><option value="IDR">Indonesian rupiah (IDR)</option><option value="ILS">Israeli New Sheqel (ILS)</option><option value="INR">Indian Rupee (INR)</option><option value="ISK">Icelandic krona (ISK)</option><option value="JMD">Jamaican dollar (JMD)</option><option value="JPY">Japanese Yen (JPY)</option><option value="KES">Kenyan shilling (KES)</option><option value="KGS">Kyrgyzstani som (KGS)</option><option value="KHR">Cambodian riel (KHR)</option><option value="KMF">Comorian franc (KMF)</option><option value="KRW">South Korean won (KRW)</option><option value="KYD">Cayman Islands dollar (KYD)</option><option value="KZT">Kazakhstani tenge (KZT)</option><option value="LAK">Lao kip (LAK)</option><option value="LBP">Lebanese pound (LBP)</option><option value="LKR">Sri Lankan rupee (LKR)</option><option value="LRD">Liberian dollar (LRD)</option><option value="LSL">Lesotho loti (LSL)</option><option value="MAD">Moroccan dirham (MAD)</option><option value="MDL">Moldovan leu (MDL)</option><option value="MGA">Malagasy ariary (MGA)</option><option value="MKD">Macedonian denar (MKD)</option><option value="MMK">Burmese kyat (MMK)</option><option value="MNT">Mongolian t√∂gr√∂g (MNT)</option><option value="MOP">Macanese pataca (MOP)</option><option value="MUR">Mauritian rupee (MUR)</option><option value="MVR">Maldivian rufiyaa (MVR)</option><option value="MWK">Malawian kwacha (MWK)</option><option value="MXN">Mexican peso (MXN)</option><option value="MYR">Malaysian ringgit (MYR)</option><option value="MZN">Mozambican metical (MZN)</option><option value="NAD">Namibian dollar (NAD)</option><option value="NGN">Nigerian naira (NGN)</option><option value="NIO">Nicaraguan c√≥rdoba (NIO)</option><option value="NOK">Norwegian Krone (NOK)</option><option value="NPR">Nepalese rupee (NPR)</option><option value="NZD">New Zealand Dollar (NZD)</option><option value="PAB">Panamanian balboa (PAB)</option><option value="PEN">Peruvian sol (PEN)</option><option value="PGK">Papua New Guinean kina (PGK)</option><option value="PHP">Philippine peso (PHP)</option><option value="PKR">Pakistani rupee (PKR)</option><option value="PLN">Polish Zloty (PLN)</option><option value="PYG">Paraguayan guaran√≠ (PYG)</option><option value="QAR">Qatari riyal (QAR)</option><option value="RON">Romanian leu (RON)</option><option value="RSD">Serbian dinar (RSD)</option><option value="RUB">Russian Ruble (RUB)</option><option value="RWF">Rwandan franc (RWF)</option><option value="SAR">Saudi riyal (SAR)</option><option value="SBD">Solomon Islands dollar (SBD)</option><option value="SCR">Seychellois rupee (SCR)</option><option value="SEK">Swedish Krona (SEK)</option><option value="SGD">Singapore Dollar (SGD)</option><option value="SHP">Saint Helena pound (SHP)</option><option value="SLL">Sierra Leonean leone (SLL)</option><option value="SOS">Somali shilling (SOS)</option><option value="SRD">Surinamese dollar (SRD)</option><option value="SZL">Swazi lilangeni (SZL)</option><option value="THB">Thai baht (THB)</option><option value="TJS">Tajikistani somoni (TJS)</option><option value="TOP">Tongan pa ªanga (TOP)</option><option value="TRY">Turkish lira (TRY)</option><option value="TTD">Trinidad and Tobago dollar (TTD)</option><option value="TWD">New Taiwan dollar (TWD)</option><option value="TZS">Tanzanian shilling (TZS)</option><option value="UAH">Ukrainian hryvnia (UAH)</option><option value="UGX">Ugandan shilling (UGX)</option><option value="USD" selected='selected'>U.S. Dollar (USD)</option><option value="UYU">Uruguayan peso (UYU)</option><option value="UZS">Uzbekistani som (UZS)</option><option value="VND">Vietnamese dong (VND)</option><option value="VUV">Vanuatu vatu (VUV)</option><option value="WST">Samoan tƒÅlƒÅ (WST)</option><option value="XAF">Central African CFA franc (XAF)</option><option value="XCD">East Caribbean dollar (XCD)</option><option value="XOF">West African CFA franc (XOF)</option><option value="XPF">CFP franc (XPF)</option><option value="YER">Yemeni rial (YER)</option><option value="ZAR">South African Rand (ZAR)</option><option value="ZMW">Zambian kwacha (ZMW)</option></select><label class="screen-reader-text">The currency that will be used for Tickets Commerce transactions.</label><p class="tooltip description">The currency that will be used for Tickets Commerce transactions.</p></div></fieldset><fieldset id="tribe-field-tickets-commerce-currency-decimal-separator" class="tribe-field tribe-field-text tribe-size-medium tribe-dependent" data-depends="#tickets_commerce_enabled-input" data-condition-is-checked=""><legend class="tribe-field-label">Decimal Separator</legend><div class="tribe-field-wrap"><input type="text" name="tickets-commerce-currency-decimal-separator" value="." /><label class="screen-reader-text">This sets the decimal separator of displayed prices.</label><p class="tooltip description">This sets the decimal separator of displayed prices.</p></div></fieldset><fieldset id="tribe-field-tickets-commerce-currency-thousands-separator" class="tribe-field tribe-field-text tribe-size-medium tribe-dependent" data-depends="#tickets_commerce_enabled-input" data-condition-is-checked=""><legend class="tribe-field-label">Thousands Separator</legend><div class="tribe-field-wrap"><input type="text" name="tickets-commerce-currency-thousands-separator" value="," /><label class="screen-reader-text">This sets the thousand separator of displayed prices</label><p class="tooltip description">This sets the thousand separator of displayed prices</p></div></fieldset><fieldset id="tribe-field-tickets-commerce-currency-number-of-decimals" class="tribe-field tribe-field-text tribe-size-medium tribe-dependent" data-depends="#tickets_commerce_enabled-input" data-condition-is-checked=""><legend class="tribe-field-label">Number of Decimals</legend><div class="tribe-field-wrap"><input type="text" name="tickets-commerce-currency-number-of-decimals" value="2" /><label class="screen-reader-text">This sets the number of decimal points shown in displayed prices.</label><p class="tooltip description">This sets the number of decimal points shown in displayed prices.</p></div></fieldset><fieldset id="tribe-field-tickets-commerce-currency-position" class="tribe-field tribe-field-dropdown tribe-size-medium tribe-dependent" data-depends="#tickets_commerce_enabled-input" data-condition-is-checked=""><legend class="tribe-field-label">Currency Position</legend><div class="tribe-field-wrap"><select name="tickets-commerce-currency-position" id='tickets-commerce-currency-position-select' class='tribe-dropdown' data-prevent-clear='true'><option value="prefix" selected='selected'>Before</option><option value="postfix">After</option></select><label class="screen-reader-text">The position of the currency symbol as it relates to the ticket values.</label><p class="tooltip description">The position of the currency symbol as it relates to the ticket values.</p></div></fieldset><h3>Pages Configuration</h3><fieldset id="tribe-field-tickets-commerce-checkout-page" class="tribe-field tribe-field-dropdown tribe-dependent" data-depends="#tickets_commerce_enabled-input" data-condition-is-checked=""><legend class="tribe-field-label">Checkout page</legend><div class="tribe-field-wrap"><select name="tickets-commerce-checkout-page" id='tickets-commerce-checkout-page-select' class='tribe-dropdown' data-prevent-clear='true'><option value="0">-- No page set --</option></select><label class="screen-reader-text">This is the page where customers go to complete their purchase. Use the [tec_tickets_checkout] shortcode to display the checkout experience in the page content.</label><p class="tooltip description">This is the page where customers go to complete their purchase. Use the [tec_tickets_checkout] shortcode to display the checkout experience in the page content.</p></div></fieldset><fieldset id="tribe-field-tickets-commerce-success-page" class="tribe-field tribe-field-dropdown tribe-dependent" data-depends="#tickets_commerce_enabled-input" data-condition-is-checked=""><legend class="tribe-field-label">Success page</legend><div class="tribe-field-wrap"><select name="tickets-commerce-success-page" id='tickets-commerce-success-page-select' class='tribe-dropdown' data-prevent-clear='true'><option value="0">-- No page set --</option></select><label class="screen-reader-text">After a successful order, users will be redirected to this page. Use the [tec_tickets_success] shortcode to display the order confirmation to the user in the page content.</label><p class="tooltip description">After a successful order, users will be redirected to this page. Use the [tec_tickets_success] shortcode to display the order confirmation to the user in the page content.</p></div></fieldset>