<div class="tec-settings-form__header-block tec-settings-form__header-block--horizontal"><label class="tec-tickets__admin-settings-toggle-large" aria-label="Enable PayPal as a payment gateway" for="tickets-commerce-enable-input-paypal">
							<input type="checkbox" name="_tickets_commerce_gateway_enabled_paypal" id="tickets-commerce-enable-input-paypal" class="tec-tickets__admin-settings-toggle-large-checkbox tribe-dependency tribe-dependency-verified" disabled />
							<span class="tec-tickets__admin-settings-toggle-large-switch"></span>
							<span class="tec-tickets__admin-settings-toggle-large-label">Enable payment gateway</span>
						</label></div><div class="tec-settings-form__element--full-width tec-settings-form__element--no-row-gap"><fieldset id="tribe-field-tickets-commerce-paypal-commerce-configure" class="tribe-field tribe-field-wrapped_html"><div class="tribe-field-wrap">
<div class="tec-tickets__admin-settings-tickets-commerce-gateway">
	<div id="tec-tickets__admin-settings-tickets-commerce-gateway-connect" class="tec-tickets__admin-settings-tickets-commerce-gateway-connect">

		
<h2 class="tec-tickets__admin-settings-tickets-commerce-gateway-title">
	Accept online payments with PayPal!</h2>

<div class="tec-tickets__admin-settings-tickets-commerce-gateway-description">
	<p>
		Start selling tickets to your events today with PayPal. Attendees can purchase tickets directly on your site using debit or credit cards with no additional fees.	</p>
		<div class="event-tickets">
	<div id="tec-tickets__admin-settings-tickets-commerce-gateway-modal-notice-error" class="tribe-tickets__notice tribe-tickets__notice--error tec-tickets__admin-settings-tickets-commerce-gateway-modal-notice-error">
		<div class="tribe-common-b2 tribe-tickets-notice__content">
			<h4 class="tribe-tickets-notice__title">
				PayPal connection unavailable			</h4>
			<div class="tribe-tickets-notice__message">
				A valid SSL certificate and secure (https) connection are required to connect with PayPal. <a href="https://evnt.is/1axw" target="_blank" rel="noopener noreferrer">Learn more</a>			</div>
		</div>
	</div>
</div>	
<div class="tec-tickets__admin-settings-tickets-commerce-gateway-help-links">

	<div class="tec-tickets__admin-settings-tickets-commerce-gateway-help-link">
	<svg class="tribe-common-c-svgicon tribe-common-c-svgicon--lightbulb" fill="none" height="22" viewBox="0 0 16 22" width="16" xmlns="http://www.w3.org/2000/svg">
	<path stroke="currentColor" stroke-linecap="round" d="M7.782 1C3.806 1 1 4.114 1 8.219c0 4.104 4.092 4.675 4.092 7.364v4.546c0 .536.435.97.97.97h4.288a.97.97 0 0 0 .97-.97v-4.546c0-3.397 3.68-2.835 3.68-7.364C15 3.689 11.757 1 7.782 1ZM5.463 16.834h5.511M5.463 19.166h5.511" />
	<path fill="currentColor" d="M7.758 9.074 6 9.019 9.987 5 8.242 8.592 10 8.647 6.259 13l1.499-3.926Z" />
</svg>
	<a href="https://evnt.is/1axt" target="_blank" rel="noopener noreferrer" class="tec-tickets__admin-settings-tickets-commerce-gateway-help-link-url">Learn more about configuring PayPal payments</a>
</div>

	<div class="tec-tickets__admin-settings-tickets-commerce-gateway-help-link">
	<svg class="tribe-common-c-svgicon tribe-common-c-svgicon--lightbulb" fill="none" height="22" viewBox="0 0 16 22" width="16" xmlns="http://www.w3.org/2000/svg">
	<path stroke="currentColor" stroke-linecap="round" d="M7.782 1C3.806 1 1 4.114 1 8.219c0 4.104 4.092 4.675 4.092 7.364v4.546c0 .536.435.97.97.97h4.288a.97.97 0 0 0 .97-.97v-4.546c0-3.397 3.68-2.835 3.68-7.364C15 3.689 11.757 1 7.782 1ZM5.463 16.834h5.511M5.463 19.166h5.511" />
	<path fill="currentColor" d="M7.758 9.074 6 9.019 9.987 5 8.242 8.592 10 8.647 6.259 13l1.499-3.926Z" />
</svg>
	<a href="https://evnt.is/1axw" target="_blank" rel="noopener noreferrer" class="tec-tickets__admin-settings-tickets-commerce-gateway-help-link-url">Get troubleshooting help</a>
</div>

</div>
</div>

		
	</div>

	
<div class="tec-tickets__admin-settings-tickets-commerce-gateway-logo">

	
<img src="http://wordpress.test/wp-content/plugins/event-tickets/src/resources/images/admin/paypal-logo.png" alt="PayPal Logo Image" class="tec-tickets__admin-settings-tickets-commerce-gateway-logo-image">

	<ul>
	<li>
		Credit and debit card payments	</li>
	<li>
		Easy no-API key connection	</li>
	<li>
		Accept payments from around the world	</li>
	<li>
		Supports 3D Secure payments	</li>
</ul>

</div>

</div>

<div class="tribe-field-wrap"></fieldset></div>