
<img
	class="tribe-tickets-svgicon tec-tickets-icon tec-tickets-icon__ticket-type"
	src="http://wordpress.test/wp-content/plugins/event-tickets/src/resources/icons/ticket-series-pass-icon.svg"
	alt="Series Pass"
/>
