{
    "symbol": "$",
    "position": "prefix",
    "decimalSeparator": ".",
    "decimalNumbers": 2,
    "thousandSeparator": ","
}