<div class="tribe-link-view-attendee">
	You have 1 RSVP for this Post.	<a href="http://wordpress.test/tickets/{{ post_id }}">
		View RSVP	</a>
</div>
