<div class="tribe-link-view-attendee">
	You have 2 Passes for this Series.	<a href="http://wordpress.test/?tribe_event_series=test-event-with-a-series-pass-and-single-ticket-orders/tickets">
		View Passes	</a>
</div>
