<div class="tribe-link-view-attendee">
	You have 1 Ticket for this Post.	<a href="http://wordpress.test/tickets/{{ post_id }}">
		View Ticket	</a>
</div>
