{
    "selectedFeesByPostId": {
        "{{ticket_id}}": [],
        "{{ticket_id}}": [
            {{fee_id}}
        ],
        "{{ticket_id}}": [],
        "{{ticket_id}}": [
            {{fee_id}}
        ],
        "{{ticket_id}}": [
            {{fee_id}}
        ]
    }
}