<p>Order #123 has been successfully updated from A to B</p>