<p>Order #123 could not be refunded via A. Please try again or contact us for help.</p>