<div class="tribe-link-view-attendee">
	You have 3 RSVPs and 2 Tickets for this Post.	<a href="http://wordpress.test/tickets/{{ post_id }}">
		View all	</a>
</div>
