<p><strong>Connected to Square!</strong></p><p>You&#039;re all set up to finish configuring your payment settings and start selling tickets through Square.</p>