<p><strong>Square Location not configured</strong></p><p>The Square payment gateway is not ready to sell until you configure a Business Location. .</p><p><a href="http://wordpress.test/wp-admin/admin.php?page=tec-tickets-settings&#038;tab=square" class="button button-primary">Configure Business Location</a></p>