{
    "title": "Time limit expired",
    "content": "Your seat selections are no longer reserved, but tickets are still available.",
    "buttonLabel": "Find Seats",
    "redirectUrl": "http://wordpress.test/?post_type=post&#038;p={{post_id}}"
}