
<div class="tec-tickets__seating-tab-heading-wrapper"><h2
		class="tec-tickets__seating-tab-heading">
		Seat Layouts	</h2>

		<div class="tec-tickets-seating-modal-wrapper tribe-common tec-tickets__seating-tab-heading__button">
		<div class="tec-tickets-seating-layouts-modal__anchor"></div>
		<button
	class="button-secondary tec-tickets-seating-modal__button"
		data-content="dialog-content-tec-tickets-seating-layouts-modal"
	data-js="trigger-dialog-tec-tickets-seating-layouts-modal"
					>Add New</button>
<script data-js="dialog-content-tec-tickets-seating-layouts-modal" type="text/template">
		<div  class="tribe-dialog__content tribe-modal__content" >
		<div class="tec-tickets-seating__new-layout-wrapper">
	<label class="tec-tickets-seating__new-layout-header" for="tec-tickets-seating__select-map">
		Choose a Seating Map for this Layout	</label>
	<select class="tec-tickets-seating__select-map" name="select-map" id="tec-tickets-seating__select-map">
					<option value="map-uuid-1"
					data-seats-count="10"
					data-screenshot-url="https://example.com/map-1-thumbnail">
				Map 1			</option>
					<option value="map-uuid-2"
					data-seats-count="20"
					data-screenshot-url="https://example.com/map-2-thumbnail">
				Map 2			</option>
					<option value="map-uuid-3"
					data-seats-count="100"
					data-screenshot-url="https://example.com/map-3-thumbnail">
				Map 3			</option>
			</select>
	<div class="tec-tickets-seating__new-layout-map-preview">
		<img id="tec-tickets-seating__new-layout-map-preview-img" class="tec-tickets-seating__new-layout-map-preview-img" src="https://example.com/map-1-thumbnail" alt="Map 1">
	</div>
	<div class="tec-tickets-seating__new-layout-map-info">
		<span class="tec-tickets-seating__new-layout-map-name">
			Map 1		</span>
		<span class="tec-tickets-seating__new-layout-map-seats-count">
			10		</span>
		<span class="tec-tickets-seating__new-layout-map-seats-label">
			seats		</span>
	</div>
	<div class="tec-tickets-seating__new-layout-buttons">
		<button class="tec-tickets-seating__new-layout-button-cancel button button-secondary">
			Cancel		</button>
		<button class="tec-tickets-seating__new-layout-button-add button button-primary">
			Use this Map		</button>
	</div>
</div>
	</div>
</script>

		<script>
			var tribe = tribe || {};
			tribe.dialogs = tribe.dialogs || [];
			tribe.dialogs.dialogs = tribe.dialogs.dialogs || [];

			tribe.dialogs.dialogs.push( {"appendTarget":".tec-tickets-seating-layouts-modal__anchor","bodyLock":"1","closeButtonAriaLabel":"Close this modal window","closeButtonClasses":"tribe-dialog__close-button tribe-modal__close-button","closeEvent":"tribe_dialog_close_modal","contentClasses":"tribe-dialog__wrapper tribe-modal__wrapper","effect":"fade","effectEasing":"ease-in-out","effectSpeed":"300","id":"tec-tickets-seating-layouts-modal","overlayClasses":"tribe-dialog__overlay tribe-modal__overlay","overlayClickCloses":"1","showEvent":"tribe_dialog_show_modal","template":"modal","wrapperClasses":"tribe-dialog","trigger":"[data-js='trigger-dialog-tec-tickets-seating-layouts-modal' ]"} );

					</script>
			</div>
	
	<div class="tec-tickets__seating-tab-heading__description">
		<p>
			Seat layouts on top of your maps allow you to create different seating types. You can create a seat layout from one of the existing seating maps.		</p>
	</div>
</div>
<div class="tec-tickets__seating-tab-wrapper wrap">
	<div class="tec-tickets__seating-tab__cards">
<div class="tec-tickets__seating-tab__card">
	<div class="tec-tickets__seating-tab__card-thumbnail">
		<img src="https://example.com/150"
			alt="Layout 1">
	</div>
	<div class="tec-tickets__seating-tab__card-content">
		<div class="tec-tickets__seating-tab__card-title">Layout 1</div>
		<div class="tec-tickets__seating-tab__card-info">
			No associated events		</div>
		<div class="tec-tickets__seating-tab__card-actions">
			<a
				class="button button-secondary edit-layout"
				href="http://wordpress.test/wp-admin/admin.php?page=tec-tickets-seating&#038;tab=layout-edit&#038;layoutId=layout-uuid-1"
				data-event-count="0">
				Edit			</a>
						<a
				class="delete-layout"
				data-layout-id="layout-uuid-1"
				data-map-id="map-uuid-1"
				href="#">
				Delete			</a>
					</div>
	</div>
</div>
<div class="tec-tickets__seating-tab__card">
	<div class="tec-tickets__seating-tab__card-thumbnail">
		<img src="https://example.com/150"
			alt="Layout 2">
	</div>
	<div class="tec-tickets__seating-tab__card-content">
		<div class="tec-tickets__seating-tab__card-title">Layout 2</div>
		<div class="tec-tickets__seating-tab__card-info">
			<a href="http://wordpress.test/wp-admin/admin.php?page=tec-tickets-seating-events&#038;layout=layout-uuid-2" target="_blank" rel="noopener noreferrer">1 associated event</a>		</div>
		<div class="tec-tickets__seating-tab__card-actions">
			<a
				class="button button-secondary edit-layout"
				href="http://wordpress.test/wp-admin/admin.php?page=tec-tickets-seating&#038;tab=layout-edit&#038;layoutId=layout-uuid-2"
				data-event-count="1">
				Edit			</a>
					</div>
	</div>
</div>
<div class="tec-tickets__seating-tab__card">
	<div class="tec-tickets__seating-tab__card-thumbnail">
		<img src="https://example.com/150"
			alt="Layout 3">
	</div>
	<div class="tec-tickets__seating-tab__card-content">
		<div class="tec-tickets__seating-tab__card-title">Layout 3</div>
		<div class="tec-tickets__seating-tab__card-info">
			<a href="http://wordpress.test/wp-admin/admin.php?page=tec-tickets-seating-events&#038;layout=layout-uuid-3" target="_blank" rel="noopener noreferrer">2 associated events</a>		</div>
		<div class="tec-tickets__seating-tab__card-actions">
			<a
				class="button button-secondary edit-layout"
				href="http://wordpress.test/wp-admin/admin.php?page=tec-tickets-seating&#038;tab=layout-edit&#038;layoutId=layout-uuid-3"
				data-event-count="2">
				Edit			</a>
					</div>
	</div>
</div>
</div></div>
