<div  class="wrap tec-tickets__admin-tickets" >
	<h1>
	All Tickets</h1>
<div class="tec-tickets-admin-tickets-no-tickets-wrap">
	<div class="tec-tickets-admin-tickets-no-tickets-inner-wrap">
		<div>
			<img
				class="tec-tickets-admin-tickets-no-tickets-icon"
				src="http://wordpress.test/wp-content/plugins/event-tickets/src/resources/icons/no-tickets.svg"
				alt="No tickets icon"
				/>
		</div>
		<div class="tec-tickets-admin-tickets-no-tickets-heading">
			Nothing here yet.		</div>
		<div class="tec-tickets-admin-tickets-no-tickets-content">
			Create new tickets within <a href="http://wordpress.test/wp-admin/edit.php?post_type=tribe_events" target="_blank" rel="nofollow noopener">events and other posts</a>. Once you have tickets, they'll all show up in one place here. Learn more at the <a href="https://evnt.is/all-tickets-admin" target="_blank" rel="nofollow noopener">knowledgebase</a>.		</div>
	</div>
</div>
</div>
