// Jest Snapshot v1, https://goo.gl/fbAQLP

exports[`Move postTypes reducer should fetch types 1`] = `
{
  "isFetching": false,
  "posts": {},
}
`;

exports[`Move postTypes reducer should fetch types with error 1`] = `
{
  "isFetching": false,
  "posts": {},
}
`;

exports[`Move postTypes reducer should fetch types with success 1`] = `
{
  "isFetching": false,
  "posts": {},
}
`;
