<div class="tribe-tickets__commerce-checkout-cart-item-details">

	<div class="tribe-common-h6 tribe-tickets__commerce-checkout-cart-item-details-title">
	Ticket A</div>

	<div class="tribe-tickets__commerce-checkout-cart-item-details-toggle">
	<button
		type="button"
		class="tribe-common-b2 tribe-common-b3--min-medium tribe-tickets__commerce-checkout-cart-item-details-button--more"
		aria-controls="tribe-tickets__commerce-checkout-cart-item-details-description--423"
	>
		<span class="screen-reader-text tribe-common-a11y-visual-hide">
			Open the ticket description in checkout.		</span>
		<span class="tribe-tickets__commerce-checkout-cart-item-details-button-text">
			More info		</span>
	</button>
	<button
		type="button"
		class="tribe-common-b2 tribe-common-b3--min-medium tribe-tickets__commerce-checkout-cart-item-details-button--less"
		aria-controls="tribe-tickets__commerce-checkout-cart-item-details-description--423"
	>
		<span class="screen-reader-text tribe-common-a11y-visual-hide">
			Close the ticket description in checkout.		</span>
		<span class="tribe-tickets__commerce-checkout-cart-item-details-button-text">
			Less info		</span>
	</button>
</div>

	<div id="tribe-tickets__commerce-checkout-cart-item-details-description--423"  class="tribe-common-b2 tribe-common-b3--min-medium tribe-tickets__commerce-checkout-cart-item-details-description tribe-common-a11y-hidden" >
	Ticket Description for Ticket A
	</div>

</div>
